### 2026-05-26T17:16:22+08:00 sensors
iwlwifi_1-virtual-0
Adapter: Virtual device
temp1:        +39.0 C  

spd5118-i2c-5-52
Adapter: SMBus I801 adapter at 0000:00:1f.4
temp1:        +32.8 C  (low  =  +0.0 C, high = +55.0 C)
                       (crit low =  +0.0 C, crit = +85.0 C)

nvme-pci-0200
Adapter: PCI adapter
Composite:    +37.9 C  (low  = -273.1 C, high = +75.8 C)
                       (crit = +86.8 C)
Sensor 1:     +37.9 C  (low  = -273.1 C, high = +65261.8 C)
Sensor 2:     +44.9 C  (low  = -273.1 C, high = +65261.8 C)

coretemp-isa-0000
Adapter: ISA adapter
Package id 0:  +53.0 C  (high = +100.0 C, crit = +100.0 C)
Core 0:        +43.0 C  (high = +100.0 C, crit = +100.0 C)
Core 4:        +41.0 C  (high = +100.0 C, crit = +100.0 C)
Core 8:        +43.0 C  (high = +100.0 C, crit = +100.0 C)
Core 12:       +40.0 C  (high = +100.0 C, crit = +100.0 C)
Core 16:       +43.0 C  (high = +100.0 C, crit = +100.0 C)
Core 20:       +41.0 C  (high = +100.0 C, crit = +100.0 C)
Core 24:       +45.0 C  (high = +100.0 C, crit = +100.0 C)
Core 28:       +40.0 C  (high = +100.0 C, crit = +100.0 C)
Core 32:       +43.0 C  (high = +100.0 C, crit = +100.0 C)
Core 33:       +43.0 C  (high = +100.0 C, crit = +100.0 C)
Core 34:       +43.0 C  (high = +100.0 C, crit = +100.0 C)
Core 35:       +43.0 C  (high = +100.0 C, crit = +100.0 C)
Core 36:       +44.0 C  (high = +100.0 C, crit = +100.0 C)
Core 37:       +44.0 C  (high = +100.0 C, crit = +100.0 C)
Core 38:       +44.0 C  (high = +100.0 C, crit = +100.0 C)
Core 39:       +44.0 C  (high = +100.0 C, crit = +100.0 C)
Core 40:       +48.0 C  (high = +100.0 C, crit = +100.0 C)
Core 41:       +48.0 C  (high = +100.0 C, crit = +100.0 C)
Core 42:       +48.0 C  (high = +100.0 C, crit = +100.0 C)
Core 43:       +48.0 C  (high = +100.0 C, crit = +100.0 C)
Core 44:       +43.0 C  (high = +100.0 C, crit = +100.0 C)
Core 45:       +43.0 C  (high = +100.0 C, crit = +100.0 C)
Core 46:       +43.0 C  (high = +100.0 C, crit = +100.0 C)
Core 47:       +44.0 C  (high = +100.0 C, crit = +100.0 C)

spd5118-i2c-5-50
Adapter: SMBus I801 adapter at 0000:00:1f.4
temp1:        +33.5 C  (low  =  +0.0 C, high = +55.0 C)
                       (crit low =  +0.0 C, crit = +85.0 C)

BAT0-acpi-0
Adapter: ACPI interface
in0:          16.37 V  
power1:        0.00 W  

### 2026-05-26T17:16:22+08:00 nvidia
2026/05/26 17:16:22.959, NVIDIA GeForce RTX 4060 Laptop GPU, GPU-5011cbcd-7033-6444-66e7-e485ade01645, P0, 41, 18.37, [N/A], 1545, 8001, 13, 5, 570
### 2026-05-26T17:16:22+08:00 cpu_frequency
/sys/devices/system/cpu/cpu0/cpufreq/scaling_cur_freq:1478638
/sys/devices/system/cpu/cpu1/cpufreq/scaling_cur_freq:800000
/sys/devices/system/cpu/cpu10/cpufreq/scaling_cur_freq:800000
/sys/devices/system/cpu/cpu11/cpufreq/scaling_cur_freq:800000
/sys/devices/system/cpu/cpu12/cpufreq/scaling_cur_freq:1875477
/sys/devices/system/cpu/cpu13/cpufreq/scaling_cur_freq:800000
/sys/devices/system/cpu/cpu14/cpufreq/scaling_cur_freq:800000
/sys/devices/system/cpu/cpu15/cpufreq/scaling_cur_freq:800000
/sys/devices/system/cpu/cpu16/cpufreq/scaling_cur_freq:1452990
/sys/devices/system/cpu/cpu17/cpufreq/scaling_cur_freq:1553830
/sys/devices/system/cpu/cpu18/cpufreq/scaling_cur_freq:1320310
/sys/devices/system/cpu/cpu19/cpufreq/scaling_cur_freq:800000
/sys/devices/system/cpu/cpu2/cpufreq/scaling_cur_freq:800314
/sys/devices/system/cpu/cpu20/cpufreq/scaling_cur_freq:800000
/sys/devices/system/cpu/cpu21/cpufreq/scaling_cur_freq:800000
/sys/devices/system/cpu/cpu22/cpufreq/scaling_cur_freq:800000
/sys/devices/system/cpu/cpu23/cpufreq/scaling_cur_freq:1600017
/sys/devices/system/cpu/cpu24/cpufreq/scaling_cur_freq:800384
/sys/devices/system/cpu/cpu25/cpufreq/scaling_cur_freq:800000
/sys/devices/system/cpu/cpu26/cpufreq/scaling_cur_freq:1253010
/sys/devices/system/cpu/cpu27/cpufreq/scaling_cur_freq:1115643
/sys/devices/system/cpu/cpu28/cpufreq/scaling_cur_freq:799897
/sys/devices/system/cpu/cpu29/cpufreq/scaling_cur_freq:799930
/sys/devices/system/cpu/cpu3/cpufreq/scaling_cur_freq:800000
/sys/devices/system/cpu/cpu30/cpufreq/scaling_cur_freq:800000
/sys/devices/system/cpu/cpu31/cpufreq/scaling_cur_freq:800000
/sys/devices/system/cpu/cpu4/cpufreq/scaling_cur_freq:1318926
/sys/devices/system/cpu/cpu5/cpufreq/scaling_cur_freq:800000
/sys/devices/system/cpu/cpu6/cpufreq/scaling_cur_freq:1426977
/sys/devices/system/cpu/cpu7/cpufreq/scaling_cur_freq:987311
/sys/devices/system/cpu/cpu8/cpufreq/scaling_cur_freq:1900000
/sys/devices/system/cpu/cpu9/cpufreq/scaling_cur_freq:800000
### 2026-05-26T17:16:27+08:00 sensors
iwlwifi_1-virtual-0
Adapter: Virtual device
temp1:        +39.0 C  

spd5118-i2c-5-52
Adapter: SMBus I801 adapter at 0000:00:1f.4
temp1:        +33.0 C  (low  =  +0.0 C, high = +55.0 C)
                       (crit low =  +0.0 C, crit = +85.0 C)

nvme-pci-0200
Adapter: PCI adapter
Composite:    +38.9 C  (low  = -273.1 C, high = +75.8 C)
                       (crit = +86.8 C)
Sensor 1:     +38.9 C  (low  = -273.1 C, high = +65261.8 C)
Sensor 2:     +38.9 C  (low  = -273.1 C, high = +65261.8 C)

coretemp-isa-0000
Adapter: ISA adapter
Package id 0:  +52.0 C  (high = +100.0 C, crit = +100.0 C)
Core 0:        +42.0 C  (high = +100.0 C, crit = +100.0 C)
Core 4:        +40.0 C  (high = +100.0 C, crit = +100.0 C)
Core 8:        +41.0 C  (high = +100.0 C, crit = +100.0 C)
Core 12:       +39.0 C  (high = +100.0 C, crit = +100.0 C)
Core 16:       +42.0 C  (high = +100.0 C, crit = +100.0 C)
Core 20:       +41.0 C  (high = +100.0 C, crit = +100.0 C)
Core 24:       +43.0 C  (high = +100.0 C, crit = +100.0 C)
Core 28:       +35.0 C  (high = +100.0 C, crit = +100.0 C)
Core 32:       +42.0 C  (high = +100.0 C, crit = +100.0 C)
Core 33:       +42.0 C  (high = +100.0 C, crit = +100.0 C)
Core 34:       +42.0 C  (high = +100.0 C, crit = +100.0 C)
Core 35:       +42.0 C  (high = +100.0 C, crit = +100.0 C)
Core 36:       +45.0 C  (high = +100.0 C, crit = +100.0 C)
Core 37:       +45.0 C  (high = +100.0 C, crit = +100.0 C)
Core 38:       +45.0 C  (high = +100.0 C, crit = +100.0 C)
Core 39:       +44.0 C  (high = +100.0 C, crit = +100.0 C)
Core 40:       +47.0 C  (high = +100.0 C, crit = +100.0 C)
Core 41:       +47.0 C  (high = +100.0 C, crit = +100.0 C)
Core 42:       +47.0 C  (high = +100.0 C, crit = +100.0 C)
Core 43:       +47.0 C  (high = +100.0 C, crit = +100.0 C)
Core 44:       +44.0 C  (high = +100.0 C, crit = +100.0 C)
Core 45:       +44.0 C  (high = +100.0 C, crit = +100.0 C)
Core 46:       +44.0 C  (high = +100.0 C, crit = +100.0 C)
Core 47:       +44.0 C  (high = +100.0 C, crit = +100.0 C)

spd5118-i2c-5-50
Adapter: SMBus I801 adapter at 0000:00:1f.4
temp1:        +33.8 C  (low  =  +0.0 C, high = +55.0 C)
                       (crit low =  +0.0 C, crit = +85.0 C)

BAT0-acpi-0
Adapter: ACPI interface
in0:          16.37 V  
power1:        0.00 W  

### 2026-05-26T17:16:28+08:00 nvidia
2026/05/26 17:16:28.120, NVIDIA GeForce RTX 4060 Laptop GPU, GPU-5011cbcd-7033-6444-66e7-e485ade01645, P5, 40, 8.46, [N/A], 480, 810, 41, 34, 570
### 2026-05-26T17:16:28+08:00 cpu_frequency
/sys/devices/system/cpu/cpu0/cpufreq/scaling_cur_freq:800303
/sys/devices/system/cpu/cpu1/cpufreq/scaling_cur_freq:800000
/sys/devices/system/cpu/cpu10/cpufreq/scaling_cur_freq:799062
/sys/devices/system/cpu/cpu11/cpufreq/scaling_cur_freq:800000
/sys/devices/system/cpu/cpu12/cpufreq/scaling_cur_freq:1938388
/sys/devices/system/cpu/cpu13/cpufreq/scaling_cur_freq:2136239
/sys/devices/system/cpu/cpu14/cpufreq/scaling_cur_freq:800855
/sys/devices/system/cpu/cpu15/cpufreq/scaling_cur_freq:800000
/sys/devices/system/cpu/cpu16/cpufreq/scaling_cur_freq:1538569
/sys/devices/system/cpu/cpu17/cpufreq/scaling_cur_freq:1600012
/sys/devices/system/cpu/cpu18/cpufreq/scaling_cur_freq:1587041
/sys/devices/system/cpu/cpu19/cpufreq/scaling_cur_freq:1507537
/sys/devices/system/cpu/cpu2/cpufreq/scaling_cur_freq:1711840
/sys/devices/system/cpu/cpu20/cpufreq/scaling_cur_freq:800000
/sys/devices/system/cpu/cpu21/cpufreq/scaling_cur_freq:800000
/sys/devices/system/cpu/cpu22/cpufreq/scaling_cur_freq:799744
/sys/devices/system/cpu/cpu23/cpufreq/scaling_cur_freq:799702
/sys/devices/system/cpu/cpu24/cpufreq/scaling_cur_freq:1601901
/sys/devices/system/cpu/cpu25/cpufreq/scaling_cur_freq:800000
/sys/devices/system/cpu/cpu26/cpufreq/scaling_cur_freq:800000
/sys/devices/system/cpu/cpu27/cpufreq/scaling_cur_freq:1599994
/sys/devices/system/cpu/cpu28/cpufreq/scaling_cur_freq:998417
/sys/devices/system/cpu/cpu29/cpufreq/scaling_cur_freq:800145
/sys/devices/system/cpu/cpu3/cpufreq/scaling_cur_freq:1438600
/sys/devices/system/cpu/cpu30/cpufreq/scaling_cur_freq:800000
/sys/devices/system/cpu/cpu31/cpufreq/scaling_cur_freq:800000
/sys/devices/system/cpu/cpu4/cpufreq/scaling_cur_freq:1407813
/sys/devices/system/cpu/cpu5/cpufreq/scaling_cur_freq:800000
/sys/devices/system/cpu/cpu6/cpufreq/scaling_cur_freq:1052113
/sys/devices/system/cpu/cpu7/cpufreq/scaling_cur_freq:957804
/sys/devices/system/cpu/cpu8/cpufreq/scaling_cur_freq:2200022
/sys/devices/system/cpu/cpu9/cpufreq/scaling_cur_freq:800000
### 2026-05-26T17:16:33+08:00 sensors
iwlwifi_1-virtual-0
Adapter: Virtual device
temp1:        +38.0 C  

spd5118-i2c-5-52
Adapter: SMBus I801 adapter at 0000:00:1f.4
temp1:        +33.0 C  (low  =  +0.0 C, high = +55.0 C)
                       (crit low =  +0.0 C, crit = +85.0 C)

nvme-pci-0200
Adapter: PCI adapter
Composite:    +38.9 C  (low  = -273.1 C, high = +75.8 C)
                       (crit = +86.8 C)
Sensor 1:     +38.9 C  (low  = -273.1 C, high = +65261.8 C)
Sensor 2:     +38.9 C  (low  = -273.1 C, high = +65261.8 C)

coretemp-isa-0000
Adapter: ISA adapter
Package id 0:  +53.0 C  (high = +100.0 C, crit = +100.0 C)
Core 0:        +43.0 C  (high = +100.0 C, crit = +100.0 C)
Core 4:        +42.0 C  (high = +100.0 C, crit = +100.0 C)
Core 8:        +44.0 C  (high = +100.0 C, crit = +100.0 C)
Core 12:       +39.0 C  (high = +100.0 C, crit = +100.0 C)
Core 16:       +45.0 C  (high = +100.0 C, crit = +100.0 C)
Core 20:       +44.0 C  (high = +100.0 C, crit = +100.0 C)
Core 24:       +45.0 C  (high = +100.0 C, crit = +100.0 C)
Core 28:       +41.0 C  (high = +100.0 C, crit = +100.0 C)
Core 32:       +45.0 C  (high = +100.0 C, crit = +100.0 C)
Core 33:       +45.0 C  (high = +100.0 C, crit = +100.0 C)
Core 34:       +45.0 C  (high = +100.0 C, crit = +100.0 C)
Core 35:       +45.0 C  (high = +100.0 C, crit = +100.0 C)
Core 36:       +46.0 C  (high = +100.0 C, crit = +100.0 C)
Core 37:       +46.0 C  (high = +100.0 C, crit = +100.0 C)
Core 38:       +46.0 C  (high = +100.0 C, crit = +100.0 C)
Core 39:       +46.0 C  (high = +100.0 C, crit = +100.0 C)
Core 40:       +48.0 C  (high = +100.0 C, crit = +100.0 C)
Core 41:       +48.0 C  (high = +100.0 C, crit = +100.0 C)
Core 42:       +48.0 C  (high = +100.0 C, crit = +100.0 C)
Core 43:       +48.0 C  (high = +100.0 C, crit = +100.0 C)
Core 44:       +47.0 C  (high = +100.0 C, crit = +100.0 C)
Core 45:       +47.0 C  (high = +100.0 C, crit = +100.0 C)
Core 46:       +47.0 C  (high = +100.0 C, crit = +100.0 C)
Core 47:       +47.0 C  (high = +100.0 C, crit = +100.0 C)

spd5118-i2c-5-50
Adapter: SMBus I801 adapter at 0000:00:1f.4
temp1:        +34.0 C  (low  =  +0.0 C, high = +55.0 C)
                       (crit low =  +0.0 C, crit = +85.0 C)

BAT0-acpi-0
Adapter: ACPI interface
in0:          16.38 V  
power1:        0.00 W  

### 2026-05-26T17:16:33+08:00 nvidia
2026/05/26 17:16:33.268, NVIDIA GeForce RTX 4060 Laptop GPU, GPU-5011cbcd-7033-6444-66e7-e485ade01645, P5, 40, 8.24, [N/A], 720, 810, 46, 40, 570
### 2026-05-26T17:16:33+08:00 cpu_frequency
/sys/devices/system/cpu/cpu0/cpufreq/scaling_cur_freq:1314676
/sys/devices/system/cpu/cpu1/cpufreq/scaling_cur_freq:800000
/sys/devices/system/cpu/cpu10/cpufreq/scaling_cur_freq:956047
/sys/devices/system/cpu/cpu11/cpufreq/scaling_cur_freq:800000
/sys/devices/system/cpu/cpu12/cpufreq/scaling_cur_freq:800000
/sys/devices/system/cpu/cpu13/cpufreq/scaling_cur_freq:800000
/sys/devices/system/cpu/cpu14/cpufreq/scaling_cur_freq:1034821
/sys/devices/system/cpu/cpu15/cpufreq/scaling_cur_freq:800000
/sys/devices/system/cpu/cpu16/cpufreq/scaling_cur_freq:800000
/sys/devices/system/cpu/cpu17/cpufreq/scaling_cur_freq:2014296
/sys/devices/system/cpu/cpu18/cpufreq/scaling_cur_freq:1667124
/sys/devices/system/cpu/cpu19/cpufreq/scaling_cur_freq:800000
/sys/devices/system/cpu/cpu2/cpufreq/scaling_cur_freq:800000
/sys/devices/system/cpu/cpu20/cpufreq/scaling_cur_freq:2788837
/sys/devices/system/cpu/cpu21/cpufreq/scaling_cur_freq:800000
/sys/devices/system/cpu/cpu22/cpufreq/scaling_cur_freq:800000
/sys/devices/system/cpu/cpu23/cpufreq/scaling_cur_freq:800000
/sys/devices/system/cpu/cpu24/cpufreq/scaling_cur_freq:1197488
/sys/devices/system/cpu/cpu25/cpufreq/scaling_cur_freq:3733078
/sys/devices/system/cpu/cpu26/cpufreq/scaling_cur_freq:800000
/sys/devices/system/cpu/cpu27/cpufreq/scaling_cur_freq:800000
/sys/devices/system/cpu/cpu28/cpufreq/scaling_cur_freq:800000
/sys/devices/system/cpu/cpu29/cpufreq/scaling_cur_freq:800000
/sys/devices/system/cpu/cpu3/cpufreq/scaling_cur_freq:800000
/sys/devices/system/cpu/cpu30/cpufreq/scaling_cur_freq:3819523
/sys/devices/system/cpu/cpu31/cpufreq/scaling_cur_freq:2820835
/sys/devices/system/cpu/cpu4/cpufreq/scaling_cur_freq:2999207
/sys/devices/system/cpu/cpu5/cpufreq/scaling_cur_freq:800000
/sys/devices/system/cpu/cpu6/cpufreq/scaling_cur_freq:800000
/sys/devices/system/cpu/cpu7/cpufreq/scaling_cur_freq:800000
/sys/devices/system/cpu/cpu8/cpufreq/scaling_cur_freq:5399945
/sys/devices/system/cpu/cpu9/cpufreq/scaling_cur_freq:800000
### 2026-05-26T17:16:38+08:00 sensors
iwlwifi_1-virtual-0
Adapter: Virtual device
temp1:        +39.0 C  

spd5118-i2c-5-52
Adapter: SMBus I801 adapter at 0000:00:1f.4
temp1:        +33.2 C  (low  =  +0.0 C, high = +55.0 C)
                       (crit low =  +0.0 C, crit = +85.0 C)

nvme-pci-0200
Adapter: PCI adapter
Composite:    +38.9 C  (low  = -273.1 C, high = +75.8 C)
                       (crit = +86.8 C)
Sensor 1:     +38.9 C  (low  = -273.1 C, high = +65261.8 C)
Sensor 2:     +37.9 C  (low  = -273.1 C, high = +65261.8 C)

coretemp-isa-0000
Adapter: ISA adapter
Package id 0:  +52.0 C  (high = +100.0 C, crit = +100.0 C)
Core 0:        +45.0 C  (high = +100.0 C, crit = +100.0 C)
Core 4:        +43.0 C  (high = +100.0 C, crit = +100.0 C)
Core 8:        +44.0 C  (high = +100.0 C, crit = +100.0 C)
Core 12:       +42.0 C  (high = +100.0 C, crit = +100.0 C)
Core 16:       +45.0 C  (high = +100.0 C, crit = +100.0 C)
Core 20:       +44.0 C  (high = +100.0 C, crit = +100.0 C)
Core 24:       +48.0 C  (high = +100.0 C, crit = +100.0 C)
Core 28:       +41.0 C  (high = +100.0 C, crit = +100.0 C)
Core 32:       +45.0 C  (high = +100.0 C, crit = +100.0 C)
Core 33:       +45.0 C  (high = +100.0 C, crit = +100.0 C)
Core 34:       +45.0 C  (high = +100.0 C, crit = +100.0 C)
Core 35:       +45.0 C  (high = +100.0 C, crit = +100.0 C)
Core 36:       +47.0 C  (high = +100.0 C, crit = +100.0 C)
Core 37:       +47.0 C  (high = +100.0 C, crit = +100.0 C)
Core 38:       +47.0 C  (high = +100.0 C, crit = +100.0 C)
Core 39:       +47.0 C  (high = +100.0 C, crit = +100.0 C)
Core 40:       +48.0 C  (high = +100.0 C, crit = +100.0 C)
Core 41:       +48.0 C  (high = +100.0 C, crit = +100.0 C)
Core 42:       +48.0 C  (high = +100.0 C, crit = +100.0 C)
Core 43:       +48.0 C  (high = +100.0 C, crit = +100.0 C)
Core 44:       +47.0 C  (high = +100.0 C, crit = +100.0 C)
Core 45:       +47.0 C  (high = +100.0 C, crit = +100.0 C)
Core 46:       +47.0 C  (high = +100.0 C, crit = +100.0 C)
Core 47:       +47.0 C  (high = +100.0 C, crit = +100.0 C)

spd5118-i2c-5-50
Adapter: SMBus I801 adapter at 0000:00:1f.4
temp1:        +34.2 C  (low  =  +0.0 C, high = +55.0 C)
                       (crit low =  +0.0 C, crit = +85.0 C)

BAT0-acpi-0
Adapter: ACPI interface
in0:          16.38 V  
power1:        0.00 W  

### 2026-05-26T17:16:38+08:00 nvidia
2026/05/26 17:16:38.423, NVIDIA GeForce RTX 4060 Laptop GPU, GPU-5011cbcd-7033-6444-66e7-e485ade01645, P5, 40, 7.92, [N/A], 735, 810, 38, 33, 570
### 2026-05-26T17:16:38+08:00 cpu_frequency
/sys/devices/system/cpu/cpu0/cpufreq/scaling_cur_freq:1936219
/sys/devices/system/cpu/cpu1/cpufreq/scaling_cur_freq:2351040
/sys/devices/system/cpu/cpu10/cpufreq/scaling_cur_freq:800158
/sys/devices/system/cpu/cpu11/cpufreq/scaling_cur_freq:800000
/sys/devices/system/cpu/cpu12/cpufreq/scaling_cur_freq:1210766
/sys/devices/system/cpu/cpu13/cpufreq/scaling_cur_freq:800000
/sys/devices/system/cpu/cpu14/cpufreq/scaling_cur_freq:801025
/sys/devices/system/cpu/cpu15/cpufreq/scaling_cur_freq:800000
/sys/devices/system/cpu/cpu16/cpufreq/scaling_cur_freq:3021254
/sys/devices/system/cpu/cpu17/cpufreq/scaling_cur_freq:1316879
/sys/devices/system/cpu/cpu18/cpufreq/scaling_cur_freq:2158179
/sys/devices/system/cpu/cpu19/cpufreq/scaling_cur_freq:1984388
/sys/devices/system/cpu/cpu2/cpufreq/scaling_cur_freq:800000
/sys/devices/system/cpu/cpu20/cpufreq/scaling_cur_freq:800000
/sys/devices/system/cpu/cpu21/cpufreq/scaling_cur_freq:800000
/sys/devices/system/cpu/cpu22/cpufreq/scaling_cur_freq:3851467
/sys/devices/system/cpu/cpu23/cpufreq/scaling_cur_freq:799816
/sys/devices/system/cpu/cpu24/cpufreq/scaling_cur_freq:800000
/sys/devices/system/cpu/cpu25/cpufreq/scaling_cur_freq:800000
/sys/devices/system/cpu/cpu26/cpufreq/scaling_cur_freq:800000
/sys/devices/system/cpu/cpu27/cpufreq/scaling_cur_freq:3817241
/sys/devices/system/cpu/cpu28/cpufreq/scaling_cur_freq:800000
/sys/devices/system/cpu/cpu29/cpufreq/scaling_cur_freq:1452222
/sys/devices/system/cpu/cpu3/cpufreq/scaling_cur_freq:800000
/sys/devices/system/cpu/cpu30/cpufreq/scaling_cur_freq:3797319
/sys/devices/system/cpu/cpu31/cpufreq/scaling_cur_freq:800000
/sys/devices/system/cpu/cpu4/cpufreq/scaling_cur_freq:800000
/sys/devices/system/cpu/cpu5/cpufreq/scaling_cur_freq:800000
/sys/devices/system/cpu/cpu6/cpufreq/scaling_cur_freq:800000
/sys/devices/system/cpu/cpu7/cpufreq/scaling_cur_freq:800000
/sys/devices/system/cpu/cpu8/cpufreq/scaling_cur_freq:800352
/sys/devices/system/cpu/cpu9/cpufreq/scaling_cur_freq:800000
### 2026-05-26T17:16:43+08:00 sensors
iwlwifi_1-virtual-0
Adapter: Virtual device
temp1:        +39.0 C  

spd5118-i2c-5-52
Adapter: SMBus I801 adapter at 0000:00:1f.4
temp1:        +33.2 C  (low  =  +0.0 C, high = +55.0 C)
                       (crit low =  +0.0 C, crit = +85.0 C)

nvme-pci-0200
Adapter: PCI adapter
Composite:    +38.9 C  (low  = -273.1 C, high = +75.8 C)
                       (crit = +86.8 C)
Sensor 1:     +38.9 C  (low  = -273.1 C, high = +65261.8 C)
Sensor 2:     +37.9 C  (low  = -273.1 C, high = +65261.8 C)

coretemp-isa-0000
Adapter: ISA adapter
Package id 0:  +52.0 C  (high = +100.0 C, crit = +100.0 C)
Core 0:        +43.0 C  (high = +100.0 C, crit = +100.0 C)
Core 4:        +43.0 C  (high = +100.0 C, crit = +100.0 C)
Core 8:        +44.0 C  (high = +100.0 C, crit = +100.0 C)
Core 12:       +43.0 C  (high = +100.0 C, crit = +100.0 C)
Core 16:       +43.0 C  (high = +100.0 C, crit = +100.0 C)
Core 20:       +44.0 C  (high = +100.0 C, crit = +100.0 C)
Core 24:       +45.0 C  (high = +100.0 C, crit = +100.0 C)
Core 28:       +41.0 C  (high = +100.0 C, crit = +100.0 C)
Core 32:       +43.0 C  (high = +100.0 C, crit = +100.0 C)
Core 33:       +43.0 C  (high = +100.0 C, crit = +100.0 C)
Core 34:       +43.0 C  (high = +100.0 C, crit = +100.0 C)
Core 35:       +43.0 C  (high = +100.0 C, crit = +100.0 C)
Core 36:       +46.0 C  (high = +100.0 C, crit = +100.0 C)
Core 37:       +46.0 C  (high = +100.0 C, crit = +100.0 C)
Core 38:       +46.0 C  (high = +100.0 C, crit = +100.0 C)
Core 39:       +46.0 C  (high = +100.0 C, crit = +100.0 C)
Core 40:       +48.0 C  (high = +100.0 C, crit = +100.0 C)
Core 41:       +48.0 C  (high = +100.0 C, crit = +100.0 C)
Core 42:       +48.0 C  (high = +100.0 C, crit = +100.0 C)
Core 43:       +48.0 C  (high = +100.0 C, crit = +100.0 C)
Core 44:       +46.0 C  (high = +100.0 C, crit = +100.0 C)
Core 45:       +46.0 C  (high = +100.0 C, crit = +100.0 C)
Core 46:       +46.0 C  (high = +100.0 C, crit = +100.0 C)
Core 47:       +46.0 C  (high = +100.0 C, crit = +100.0 C)

spd5118-i2c-5-50
Adapter: SMBus I801 adapter at 0000:00:1f.4
temp1:        +34.2 C  (low  =  +0.0 C, high = +55.0 C)
                       (crit low =  +0.0 C, crit = +85.0 C)

BAT0-acpi-0
Adapter: ACPI interface
in0:          16.38 V  
power1:        0.00 W  

### 2026-05-26T17:16:43+08:00 nvidia
2026/05/26 17:16:43.575, NVIDIA GeForce RTX 4060 Laptop GPU, GPU-5011cbcd-7033-6444-66e7-e485ade01645, P5, 40, 7.90, [N/A], 600, 810, 43, 35, 570
### 2026-05-26T17:16:43+08:00 cpu_frequency
/sys/devices/system/cpu/cpu0/cpufreq/scaling_cur_freq:4962437
/sys/devices/system/cpu/cpu1/cpufreq/scaling_cur_freq:5204133
/sys/devices/system/cpu/cpu10/cpufreq/scaling_cur_freq:4066779
/sys/devices/system/cpu/cpu11/cpufreq/scaling_cur_freq:800000
/sys/devices/system/cpu/cpu12/cpufreq/scaling_cur_freq:800540
/sys/devices/system/cpu/cpu13/cpufreq/scaling_cur_freq:800000
/sys/devices/system/cpu/cpu14/cpufreq/scaling_cur_freq:800610
/sys/devices/system/cpu/cpu15/cpufreq/scaling_cur_freq:800000
/sys/devices/system/cpu/cpu16/cpufreq/scaling_cur_freq:1594878
/sys/devices/system/cpu/cpu17/cpufreq/scaling_cur_freq:800000
/sys/devices/system/cpu/cpu18/cpufreq/scaling_cur_freq:800000
/sys/devices/system/cpu/cpu19/cpufreq/scaling_cur_freq:800000
/sys/devices/system/cpu/cpu2/cpufreq/scaling_cur_freq:800000
/sys/devices/system/cpu/cpu20/cpufreq/scaling_cur_freq:807127
/sys/devices/system/cpu/cpu21/cpufreq/scaling_cur_freq:800000
/sys/devices/system/cpu/cpu22/cpufreq/scaling_cur_freq:800000
/sys/devices/system/cpu/cpu23/cpufreq/scaling_cur_freq:800000
/sys/devices/system/cpu/cpu24/cpufreq/scaling_cur_freq:3905122
/sys/devices/system/cpu/cpu25/cpufreq/scaling_cur_freq:3899796
/sys/devices/system/cpu/cpu26/cpufreq/scaling_cur_freq:2779983
/sys/devices/system/cpu/cpu27/cpufreq/scaling_cur_freq:800000
/sys/devices/system/cpu/cpu28/cpufreq/scaling_cur_freq:800000
/sys/devices/system/cpu/cpu29/cpufreq/scaling_cur_freq:799061
/sys/devices/system/cpu/cpu3/cpufreq/scaling_cur_freq:800000
/sys/devices/system/cpu/cpu30/cpufreq/scaling_cur_freq:3899908
/sys/devices/system/cpu/cpu31/cpufreq/scaling_cur_freq:1358934
/sys/devices/system/cpu/cpu4/cpufreq/scaling_cur_freq:2905660
/sys/devices/system/cpu/cpu5/cpufreq/scaling_cur_freq:800000
/sys/devices/system/cpu/cpu6/cpufreq/scaling_cur_freq:5200052
/sys/devices/system/cpu/cpu7/cpufreq/scaling_cur_freq:800000
/sys/devices/system/cpu/cpu8/cpufreq/scaling_cur_freq:2082183
/sys/devices/system/cpu/cpu9/cpufreq/scaling_cur_freq:800000
### 2026-05-26T17:16:48+08:00 sensors
iwlwifi_1-virtual-0
Adapter: Virtual device
temp1:        +38.0 C  

spd5118-i2c-5-52
Adapter: SMBus I801 adapter at 0000:00:1f.4
temp1:        +33.5 C  (low  =  +0.0 C, high = +55.0 C)
                       (crit low =  +0.0 C, crit = +85.0 C)

nvme-pci-0200
Adapter: PCI adapter
Composite:    +38.9 C  (low  = -273.1 C, high = +75.8 C)
                       (crit = +86.8 C)
Sensor 1:     +38.9 C  (low  = -273.1 C, high = +65261.8 C)
Sensor 2:     +37.9 C  (low  = -273.1 C, high = +65261.8 C)

coretemp-isa-0000
Adapter: ISA adapter
Package id 0:  +53.0 C  (high = +100.0 C, crit = +100.0 C)
Core 0:        +41.0 C  (high = +100.0 C, crit = +100.0 C)
Core 4:        +43.0 C  (high = +100.0 C, crit = +100.0 C)
Core 8:        +45.0 C  (high = +100.0 C, crit = +100.0 C)
Core 12:       +42.0 C  (high = +100.0 C, crit = +100.0 C)
Core 16:       +46.0 C  (high = +100.0 C, crit = +100.0 C)
Core 20:       +47.0 C  (high = +100.0 C, crit = +100.0 C)
Core 24:       +47.0 C  (high = +100.0 C, crit = +100.0 C)
Core 28:       +43.0 C  (high = +100.0 C, crit = +100.0 C)
Core 32:       +46.0 C  (high = +100.0 C, crit = +100.0 C)
Core 33:       +46.0 C  (high = +100.0 C, crit = +100.0 C)
Core 34:       +46.0 C  (high = +100.0 C, crit = +100.0 C)
Core 35:       +46.0 C  (high = +100.0 C, crit = +100.0 C)
Core 36:       +48.0 C  (high = +100.0 C, crit = +100.0 C)
Core 37:       +48.0 C  (high = +100.0 C, crit = +100.0 C)
Core 38:       +48.0 C  (high = +100.0 C, crit = +100.0 C)
Core 39:       +48.0 C  (high = +100.0 C, crit = +100.0 C)
Core 40:       +49.0 C  (high = +100.0 C, crit = +100.0 C)
Core 41:       +49.0 C  (high = +100.0 C, crit = +100.0 C)
Core 42:       +49.0 C  (high = +100.0 C, crit = +100.0 C)
Core 43:       +49.0 C  (high = +100.0 C, crit = +100.0 C)
Core 44:       +47.0 C  (high = +100.0 C, crit = +100.0 C)
Core 45:       +47.0 C  (high = +100.0 C, crit = +100.0 C)
Core 46:       +47.0 C  (high = +100.0 C, crit = +100.0 C)
Core 47:       +47.0 C  (high = +100.0 C, crit = +100.0 C)

spd5118-i2c-5-50
Adapter: SMBus I801 adapter at 0000:00:1f.4
temp1:        +34.5 C  (low  =  +0.0 C, high = +55.0 C)
                       (crit low =  +0.0 C, crit = +85.0 C)

BAT0-acpi-0
Adapter: ACPI interface
in0:          16.38 V  
power1:        0.00 W  

### 2026-05-26T17:16:48+08:00 nvidia
2026/05/26 17:16:48.720, NVIDIA GeForce RTX 4060 Laptop GPU, GPU-5011cbcd-7033-6444-66e7-e485ade01645, P5, 40, 8.03, [N/A], 555, 810, 54, 51, 570
### 2026-05-26T17:16:48+08:00 cpu_frequency
/sys/devices/system/cpu/cpu0/cpufreq/scaling_cur_freq:1070474
/sys/devices/system/cpu/cpu1/cpufreq/scaling_cur_freq:800000
/sys/devices/system/cpu/cpu10/cpufreq/scaling_cur_freq:3674234
/sys/devices/system/cpu/cpu11/cpufreq/scaling_cur_freq:800000
/sys/devices/system/cpu/cpu12/cpufreq/scaling_cur_freq:3912216
/sys/devices/system/cpu/cpu13/cpufreq/scaling_cur_freq:800000
/sys/devices/system/cpu/cpu14/cpufreq/scaling_cur_freq:4198859
/sys/devices/system/cpu/cpu15/cpufreq/scaling_cur_freq:800000
/sys/devices/system/cpu/cpu16/cpufreq/scaling_cur_freq:3902655
/sys/devices/system/cpu/cpu17/cpufreq/scaling_cur_freq:3899719
/sys/devices/system/cpu/cpu18/cpufreq/scaling_cur_freq:3899471
/sys/devices/system/cpu/cpu19/cpufreq/scaling_cur_freq:3899960
/sys/devices/system/cpu/cpu2/cpufreq/scaling_cur_freq:3644642
/sys/devices/system/cpu/cpu20/cpufreq/scaling_cur_freq:800000
/sys/devices/system/cpu/cpu21/cpufreq/scaling_cur_freq:1589225
/sys/devices/system/cpu/cpu22/cpufreq/scaling_cur_freq:3510153
/sys/devices/system/cpu/cpu23/cpufreq/scaling_cur_freq:800000
/sys/devices/system/cpu/cpu24/cpufreq/scaling_cur_freq:3900359
/sys/devices/system/cpu/cpu25/cpufreq/scaling_cur_freq:3900314
/sys/devices/system/cpu/cpu26/cpufreq/scaling_cur_freq:3900121
/sys/devices/system/cpu/cpu27/cpufreq/scaling_cur_freq:3899976
/sys/devices/system/cpu/cpu28/cpufreq/scaling_cur_freq:3281924
/sys/devices/system/cpu/cpu29/cpufreq/scaling_cur_freq:800000
/sys/devices/system/cpu/cpu3/cpufreq/scaling_cur_freq:800000
/sys/devices/system/cpu/cpu30/cpufreq/scaling_cur_freq:3734520
/sys/devices/system/cpu/cpu31/cpufreq/scaling_cur_freq:800000
/sys/devices/system/cpu/cpu4/cpufreq/scaling_cur_freq:800096
/sys/devices/system/cpu/cpu5/cpufreq/scaling_cur_freq:800000
/sys/devices/system/cpu/cpu6/cpufreq/scaling_cur_freq:4849930
/sys/devices/system/cpu/cpu7/cpufreq/scaling_cur_freq:800000
/sys/devices/system/cpu/cpu8/cpufreq/scaling_cur_freq:4728783
/sys/devices/system/cpu/cpu9/cpufreq/scaling_cur_freq:800000
### 2026-05-26T17:16:53+08:00 sensors
iwlwifi_1-virtual-0
Adapter: Virtual device
temp1:        +39.0 C  

spd5118-i2c-5-52
Adapter: SMBus I801 adapter at 0000:00:1f.4
temp1:        +33.5 C  (low  =  +0.0 C, high = +55.0 C)
                       (crit low =  +0.0 C, crit = +85.0 C)

nvme-pci-0200
Adapter: PCI adapter
Composite:    +38.9 C  (low  = -273.1 C, high = +75.8 C)
                       (crit = +86.8 C)
Sensor 1:     +38.9 C  (low  = -273.1 C, high = +65261.8 C)
Sensor 2:     +38.9 C  (low  = -273.1 C, high = +65261.8 C)

coretemp-isa-0000
Adapter: ISA adapter
Package id 0:  +52.0 C  (high = +100.0 C, crit = +100.0 C)
Core 0:        +43.0 C  (high = +100.0 C, crit = +100.0 C)
Core 4:        +48.0 C  (high = +100.0 C, crit = +100.0 C)
Core 8:        +44.0 C  (high = +100.0 C, crit = +100.0 C)
Core 12:       +42.0 C  (high = +100.0 C, crit = +100.0 C)
Core 16:       +46.0 C  (high = +100.0 C, crit = +100.0 C)
Core 20:       +42.0 C  (high = +100.0 C, crit = +100.0 C)
Core 24:       +47.0 C  (high = +100.0 C, crit = +100.0 C)
Core 28:       +38.0 C  (high = +100.0 C, crit = +100.0 C)
Core 32:       +45.0 C  (high = +100.0 C, crit = +100.0 C)
Core 33:       +45.0 C  (high = +100.0 C, crit = +100.0 C)
Core 34:       +45.0 C  (high = +100.0 C, crit = +100.0 C)
Core 35:       +45.0 C  (high = +100.0 C, crit = +100.0 C)
Core 36:       +47.0 C  (high = +100.0 C, crit = +100.0 C)
Core 37:       +47.0 C  (high = +100.0 C, crit = +100.0 C)
Core 38:       +47.0 C  (high = +100.0 C, crit = +100.0 C)
Core 39:       +47.0 C  (high = +100.0 C, crit = +100.0 C)
Core 40:       +49.0 C  (high = +100.0 C, crit = +100.0 C)
Core 41:       +49.0 C  (high = +100.0 C, crit = +100.0 C)
Core 42:       +49.0 C  (high = +100.0 C, crit = +100.0 C)
Core 43:       +49.0 C  (high = +100.0 C, crit = +100.0 C)
Core 44:       +46.0 C  (high = +100.0 C, crit = +100.0 C)
Core 45:       +46.0 C  (high = +100.0 C, crit = +100.0 C)
Core 46:       +46.0 C  (high = +100.0 C, crit = +100.0 C)
Core 47:       +46.0 C  (high = +100.0 C, crit = +100.0 C)

spd5118-i2c-5-50
Adapter: SMBus I801 adapter at 0000:00:1f.4
temp1:        +34.5 C  (low  =  +0.0 C, high = +55.0 C)
                       (crit low =  +0.0 C, crit = +85.0 C)

BAT0-acpi-0
Adapter: ACPI interface
in0:          16.38 V  
power1:        0.00 W  

### 2026-05-26T17:16:53+08:00 nvidia
2026/05/26 17:16:53.875, NVIDIA GeForce RTX 4060 Laptop GPU, GPU-5011cbcd-7033-6444-66e7-e485ade01645, P4, 40, 11.21, [N/A], 540, 6001, 33, 5, 570
### 2026-05-26T17:16:53+08:00 cpu_frequency
/sys/devices/system/cpu/cpu0/cpufreq/scaling_cur_freq:2440089
/sys/devices/system/cpu/cpu1/cpufreq/scaling_cur_freq:800000
/sys/devices/system/cpu/cpu10/cpufreq/scaling_cur_freq:800228
/sys/devices/system/cpu/cpu11/cpufreq/scaling_cur_freq:800000
/sys/devices/system/cpu/cpu12/cpufreq/scaling_cur_freq:800000
/sys/devices/system/cpu/cpu13/cpufreq/scaling_cur_freq:800000
/sys/devices/system/cpu/cpu14/cpufreq/scaling_cur_freq:800000
/sys/devices/system/cpu/cpu15/cpufreq/scaling_cur_freq:800000
/sys/devices/system/cpu/cpu16/cpufreq/scaling_cur_freq:1873823
/sys/devices/system/cpu/cpu17/cpufreq/scaling_cur_freq:3494378
/sys/devices/system/cpu/cpu18/cpufreq/scaling_cur_freq:865522
/sys/devices/system/cpu/cpu19/cpufreq/scaling_cur_freq:3315417
/sys/devices/system/cpu/cpu2/cpufreq/scaling_cur_freq:1967986
/sys/devices/system/cpu/cpu20/cpufreq/scaling_cur_freq:2699327
/sys/devices/system/cpu/cpu21/cpufreq/scaling_cur_freq:800000
/sys/devices/system/cpu/cpu22/cpufreq/scaling_cur_freq:800310
/sys/devices/system/cpu/cpu23/cpufreq/scaling_cur_freq:1148091
/sys/devices/system/cpu/cpu24/cpufreq/scaling_cur_freq:800000
/sys/devices/system/cpu/cpu25/cpufreq/scaling_cur_freq:800000
/sys/devices/system/cpu/cpu26/cpufreq/scaling_cur_freq:3853602
/sys/devices/system/cpu/cpu27/cpufreq/scaling_cur_freq:800000
/sys/devices/system/cpu/cpu28/cpufreq/scaling_cur_freq:800000
/sys/devices/system/cpu/cpu29/cpufreq/scaling_cur_freq:1834226
/sys/devices/system/cpu/cpu3/cpufreq/scaling_cur_freq:800000
/sys/devices/system/cpu/cpu30/cpufreq/scaling_cur_freq:3808433
/sys/devices/system/cpu/cpu31/cpufreq/scaling_cur_freq:2319043
/sys/devices/system/cpu/cpu4/cpufreq/scaling_cur_freq:1175111
/sys/devices/system/cpu/cpu5/cpufreq/scaling_cur_freq:800000
/sys/devices/system/cpu/cpu6/cpufreq/scaling_cur_freq:800000
/sys/devices/system/cpu/cpu7/cpufreq/scaling_cur_freq:800000
/sys/devices/system/cpu/cpu8/cpufreq/scaling_cur_freq:800000
/sys/devices/system/cpu/cpu9/cpufreq/scaling_cur_freq:800000
### 2026-05-26T17:16:58+08:00 sensors
iwlwifi_1-virtual-0
Adapter: Virtual device
temp1:        +39.0 C  

spd5118-i2c-5-52
Adapter: SMBus I801 adapter at 0000:00:1f.4
temp1:        +33.8 C  (low  =  +0.0 C, high = +55.0 C)
                       (crit low =  +0.0 C, crit = +85.0 C)

nvme-pci-0200
Adapter: PCI adapter
Composite:    +38.9 C  (low  = -273.1 C, high = +75.8 C)
                       (crit = +86.8 C)
Sensor 1:     +38.9 C  (low  = -273.1 C, high = +65261.8 C)
Sensor 2:     +37.9 C  (low  = -273.1 C, high = +65261.8 C)

coretemp-isa-0000
Adapter: ISA adapter
Package id 0:  +53.0 C  (high = +100.0 C, crit = +100.0 C)
Core 0:        +44.0 C  (high = +100.0 C, crit = +100.0 C)
Core 4:        +44.0 C  (high = +100.0 C, crit = +100.0 C)
Core 8:        +44.0 C  (high = +100.0 C, crit = +100.0 C)
Core 12:       +42.0 C  (high = +100.0 C, crit = +100.0 C)
Core 16:       +45.0 C  (high = +100.0 C, crit = +100.0 C)
Core 20:       +44.0 C  (high = +100.0 C, crit = +100.0 C)
Core 24:       +47.0 C  (high = +100.0 C, crit = +100.0 C)
Core 28:       +44.0 C  (high = +100.0 C, crit = +100.0 C)
Core 32:       +46.0 C  (high = +100.0 C, crit = +100.0 C)
Core 33:       +46.0 C  (high = +100.0 C, crit = +100.0 C)
Core 34:       +46.0 C  (high = +100.0 C, crit = +100.0 C)
Core 35:       +46.0 C  (high = +100.0 C, crit = +100.0 C)
Core 36:       +47.0 C  (high = +100.0 C, crit = +100.0 C)
Core 37:       +47.0 C  (high = +100.0 C, crit = +100.0 C)
Core 38:       +47.0 C  (high = +100.0 C, crit = +100.0 C)
Core 39:       +47.0 C  (high = +100.0 C, crit = +100.0 C)
Core 40:       +48.0 C  (high = +100.0 C, crit = +100.0 C)
Core 41:       +48.0 C  (high = +100.0 C, crit = +100.0 C)
Core 42:       +48.0 C  (high = +100.0 C, crit = +100.0 C)
Core 43:       +48.0 C  (high = +100.0 C, crit = +100.0 C)
Core 44:       +47.0 C  (high = +100.0 C, crit = +100.0 C)
Core 45:       +47.0 C  (high = +100.0 C, crit = +100.0 C)
Core 46:       +47.0 C  (high = +100.0 C, crit = +100.0 C)
Core 47:       +47.0 C  (high = +100.0 C, crit = +100.0 C)

spd5118-i2c-5-50
Adapter: SMBus I801 adapter at 0000:00:1f.4
temp1:        +34.8 C  (low  =  +0.0 C, high = +55.0 C)
                       (crit low =  +0.0 C, crit = +85.0 C)

BAT0-acpi-0
Adapter: ACPI interface
in0:          16.38 V  
power1:        0.00 W  

### 2026-05-26T17:16:58+08:00 nvidia
2026/05/26 17:16:59.007, NVIDIA GeForce RTX 4060 Laptop GPU, GPU-5011cbcd-7033-6444-66e7-e485ade01645, P4, 40, 9.40, [N/A], 525, 6001, 27, 4, 570
### 2026-05-26T17:16:59+08:00 cpu_frequency
/sys/devices/system/cpu/cpu0/cpufreq/scaling_cur_freq:1196451
/sys/devices/system/cpu/cpu1/cpufreq/scaling_cur_freq:800000
/sys/devices/system/cpu/cpu10/cpufreq/scaling_cur_freq:2414801
/sys/devices/system/cpu/cpu11/cpufreq/scaling_cur_freq:800000
/sys/devices/system/cpu/cpu12/cpufreq/scaling_cur_freq:945982
/sys/devices/system/cpu/cpu13/cpufreq/scaling_cur_freq:800000
/sys/devices/system/cpu/cpu14/cpufreq/scaling_cur_freq:4196261
/sys/devices/system/cpu/cpu15/cpufreq/scaling_cur_freq:800460
/sys/devices/system/cpu/cpu16/cpufreq/scaling_cur_freq:2687236
/sys/devices/system/cpu/cpu17/cpufreq/scaling_cur_freq:800000
/sys/devices/system/cpu/cpu18/cpufreq/scaling_cur_freq:800000
/sys/devices/system/cpu/cpu19/cpufreq/scaling_cur_freq:3710967
/sys/devices/system/cpu/cpu2/cpufreq/scaling_cur_freq:1625995
/sys/devices/system/cpu/cpu20/cpufreq/scaling_cur_freq:1360488
/sys/devices/system/cpu/cpu21/cpufreq/scaling_cur_freq:3496848
/sys/devices/system/cpu/cpu22/cpufreq/scaling_cur_freq:800000
/sys/devices/system/cpu/cpu23/cpufreq/scaling_cur_freq:800000
/sys/devices/system/cpu/cpu24/cpufreq/scaling_cur_freq:800000
/sys/devices/system/cpu/cpu25/cpufreq/scaling_cur_freq:800366
/sys/devices/system/cpu/cpu26/cpufreq/scaling_cur_freq:800637
/sys/devices/system/cpu/cpu27/cpufreq/scaling_cur_freq:800000
/sys/devices/system/cpu/cpu28/cpufreq/scaling_cur_freq:800000
/sys/devices/system/cpu/cpu29/cpufreq/scaling_cur_freq:800000
/sys/devices/system/cpu/cpu3/cpufreq/scaling_cur_freq:800000
/sys/devices/system/cpu/cpu30/cpufreq/scaling_cur_freq:3900183
/sys/devices/system/cpu/cpu31/cpufreq/scaling_cur_freq:2815314
/sys/devices/system/cpu/cpu4/cpufreq/scaling_cur_freq:800000
/sys/devices/system/cpu/cpu5/cpufreq/scaling_cur_freq:800000
/sys/devices/system/cpu/cpu6/cpufreq/scaling_cur_freq:800000
/sys/devices/system/cpu/cpu7/cpufreq/scaling_cur_freq:800000
/sys/devices/system/cpu/cpu8/cpufreq/scaling_cur_freq:5282227
/sys/devices/system/cpu/cpu9/cpufreq/scaling_cur_freq:800000
### 2026-05-26T17:17:04+08:00 sensors
iwlwifi_1-virtual-0
Adapter: Virtual device
temp1:        +39.0 C  

spd5118-i2c-5-52
Adapter: SMBus I801 adapter at 0000:00:1f.4
temp1:        +33.8 C  (low  =  +0.0 C, high = +55.0 C)
                       (crit low =  +0.0 C, crit = +85.0 C)

nvme-pci-0200
Adapter: PCI adapter
Composite:    +38.9 C  (low  = -273.1 C, high = +75.8 C)
                       (crit = +86.8 C)
Sensor 1:     +38.9 C  (low  = -273.1 C, high = +65261.8 C)
Sensor 2:     +37.9 C  (low  = -273.1 C, high = +65261.8 C)

coretemp-isa-0000
Adapter: ISA adapter
Package id 0:  +56.0 C  (high = +100.0 C, crit = +100.0 C)
Core 0:        +44.0 C  (high = +100.0 C, crit = +100.0 C)
Core 4:        +46.0 C  (high = +100.0 C, crit = +100.0 C)
Core 8:        +44.0 C  (high = +100.0 C, crit = +100.0 C)
Core 12:       +49.0 C  (high = +100.0 C, crit = +100.0 C)
Core 16:       +50.0 C  (high = +100.0 C, crit = +100.0 C)
Core 20:       +56.0 C  (high = +100.0 C, crit = +100.0 C)
Core 24:       +46.0 C  (high = +100.0 C, crit = +100.0 C)
Core 28:       +39.0 C  (high = +100.0 C, crit = +100.0 C)
Core 32:       +45.0 C  (high = +100.0 C, crit = +100.0 C)
Core 33:       +45.0 C  (high = +100.0 C, crit = +100.0 C)
Core 34:       +45.0 C  (high = +100.0 C, crit = +100.0 C)
Core 35:       +45.0 C  (high = +100.0 C, crit = +100.0 C)
Core 36:       +47.0 C  (high = +100.0 C, crit = +100.0 C)
Core 37:       +47.0 C  (high = +100.0 C, crit = +100.0 C)
Core 38:       +47.0 C  (high = +100.0 C, crit = +100.0 C)
Core 39:       +47.0 C  (high = +100.0 C, crit = +100.0 C)
Core 40:       +48.0 C  (high = +100.0 C, crit = +100.0 C)
Core 41:       +48.0 C  (high = +100.0 C, crit = +100.0 C)
Core 42:       +48.0 C  (high = +100.0 C, crit = +100.0 C)
Core 43:       +48.0 C  (high = +100.0 C, crit = +100.0 C)
Core 44:       +48.0 C  (high = +100.0 C, crit = +100.0 C)
Core 45:       +48.0 C  (high = +100.0 C, crit = +100.0 C)
Core 46:       +48.0 C  (high = +100.0 C, crit = +100.0 C)
Core 47:       +48.0 C  (high = +100.0 C, crit = +100.0 C)

spd5118-i2c-5-50
Adapter: SMBus I801 adapter at 0000:00:1f.4
temp1:        +35.0 C  (low  =  +0.0 C, high = +55.0 C)
                       (crit low =  +0.0 C, crit = +85.0 C)

BAT0-acpi-0
Adapter: ACPI interface
in0:          16.37 V  
power1:        0.00 W  

### 2026-05-26T17:17:04+08:00 nvidia
2026/05/26 17:17:04.145, NVIDIA GeForce RTX 4060 Laptop GPU, GPU-5011cbcd-7033-6444-66e7-e485ade01645, P5, 40, 8.21, [N/A], 690, 810, 35, 31, 570
### 2026-05-26T17:17:04+08:00 cpu_frequency
/sys/devices/system/cpu/cpu0/cpufreq/scaling_cur_freq:800000
/sys/devices/system/cpu/cpu1/cpufreq/scaling_cur_freq:800000
/sys/devices/system/cpu/cpu10/cpufreq/scaling_cur_freq:800000
/sys/devices/system/cpu/cpu11/cpufreq/scaling_cur_freq:1538085
/sys/devices/system/cpu/cpu12/cpufreq/scaling_cur_freq:1388537
/sys/devices/system/cpu/cpu13/cpufreq/scaling_cur_freq:800000
/sys/devices/system/cpu/cpu14/cpufreq/scaling_cur_freq:800000
/sys/devices/system/cpu/cpu15/cpufreq/scaling_cur_freq:800000
/sys/devices/system/cpu/cpu16/cpufreq/scaling_cur_freq:2762886
/sys/devices/system/cpu/cpu17/cpufreq/scaling_cur_freq:3620995
/sys/devices/system/cpu/cpu18/cpufreq/scaling_cur_freq:1353635
/sys/devices/system/cpu/cpu19/cpufreq/scaling_cur_freq:800000
/sys/devices/system/cpu/cpu2/cpufreq/scaling_cur_freq:5111730
/sys/devices/system/cpu/cpu20/cpufreq/scaling_cur_freq:800000
/sys/devices/system/cpu/cpu21/cpufreq/scaling_cur_freq:800000
/sys/devices/system/cpu/cpu22/cpufreq/scaling_cur_freq:3457643
/sys/devices/system/cpu/cpu23/cpufreq/scaling_cur_freq:800000
/sys/devices/system/cpu/cpu24/cpufreq/scaling_cur_freq:3900028
/sys/devices/system/cpu/cpu25/cpufreq/scaling_cur_freq:800000
/sys/devices/system/cpu/cpu26/cpufreq/scaling_cur_freq:800000
/sys/devices/system/cpu/cpu27/cpufreq/scaling_cur_freq:800000
/sys/devices/system/cpu/cpu28/cpufreq/scaling_cur_freq:800078
/sys/devices/system/cpu/cpu29/cpufreq/scaling_cur_freq:800000
/sys/devices/system/cpu/cpu3/cpufreq/scaling_cur_freq:800000
/sys/devices/system/cpu/cpu30/cpufreq/scaling_cur_freq:800000
/sys/devices/system/cpu/cpu31/cpufreq/scaling_cur_freq:799682
/sys/devices/system/cpu/cpu4/cpufreq/scaling_cur_freq:800771
/sys/devices/system/cpu/cpu5/cpufreq/scaling_cur_freq:800000
/sys/devices/system/cpu/cpu6/cpufreq/scaling_cur_freq:1600618
/sys/devices/system/cpu/cpu7/cpufreq/scaling_cur_freq:800000
/sys/devices/system/cpu/cpu8/cpufreq/scaling_cur_freq:2386949
/sys/devices/system/cpu/cpu9/cpufreq/scaling_cur_freq:800000
### 2026-05-26T17:17:09+08:00 sensors
iwlwifi_1-virtual-0
Adapter: Virtual device
temp1:        +39.0 C  

spd5118-i2c-5-52
Adapter: SMBus I801 adapter at 0000:00:1f.4
temp1:        +34.0 C  (low  =  +0.0 C, high = +55.0 C)
                       (crit low =  +0.0 C, crit = +85.0 C)

nvme-pci-0200
Adapter: PCI adapter
Composite:    +38.9 C  (low  = -273.1 C, high = +75.8 C)
                       (crit = +86.8 C)
Sensor 1:     +38.9 C  (low  = -273.1 C, high = +65261.8 C)
Sensor 2:     +36.9 C  (low  = -273.1 C, high = +65261.8 C)

coretemp-isa-0000
Adapter: ISA adapter
Package id 0:  +52.0 C  (high = +100.0 C, crit = +100.0 C)
Core 0:        +43.0 C  (high = +100.0 C, crit = +100.0 C)
Core 4:        +43.0 C  (high = +100.0 C, crit = +100.0 C)
Core 8:        +45.0 C  (high = +100.0 C, crit = +100.0 C)
Core 12:       +42.0 C  (high = +100.0 C, crit = +100.0 C)
Core 16:       +46.0 C  (high = +100.0 C, crit = +100.0 C)
Core 20:       +42.0 C  (high = +100.0 C, crit = +100.0 C)
Core 24:       +48.0 C  (high = +100.0 C, crit = +100.0 C)
Core 28:       +43.0 C  (high = +100.0 C, crit = +100.0 C)
Core 32:       +46.0 C  (high = +100.0 C, crit = +100.0 C)
Core 33:       +46.0 C  (high = +100.0 C, crit = +100.0 C)
Core 34:       +46.0 C  (high = +100.0 C, crit = +100.0 C)
Core 35:       +46.0 C  (high = +100.0 C, crit = +100.0 C)
Core 36:       +48.0 C  (high = +100.0 C, crit = +100.0 C)
Core 37:       +48.0 C  (high = +100.0 C, crit = +100.0 C)
Core 38:       +48.0 C  (high = +100.0 C, crit = +100.0 C)
Core 39:       +48.0 C  (high = +100.0 C, crit = +100.0 C)
Core 40:       +49.0 C  (high = +100.0 C, crit = +100.0 C)
Core 41:       +48.0 C  (high = +100.0 C, crit = +100.0 C)
Core 42:       +48.0 C  (high = +100.0 C, crit = +100.0 C)
Core 43:       +48.0 C  (high = +100.0 C, crit = +100.0 C)
Core 44:       +47.0 C  (high = +100.0 C, crit = +100.0 C)
Core 45:       +47.0 C  (high = +100.0 C, crit = +100.0 C)
Core 46:       +47.0 C  (high = +100.0 C, crit = +100.0 C)
Core 47:       +47.0 C  (high = +100.0 C, crit = +100.0 C)

spd5118-i2c-5-50
Adapter: SMBus I801 adapter at 0000:00:1f.4
temp1:        +35.0 C  (low  =  +0.0 C, high = +55.0 C)
                       (crit low =  +0.0 C, crit = +85.0 C)

BAT0-acpi-0
Adapter: ACPI interface
in0:          16.37 V  
power1:        0.00 W  

### 2026-05-26T17:17:09+08:00 nvidia
2026/05/26 17:17:09.299, NVIDIA GeForce RTX 4060 Laptop GPU, GPU-5011cbcd-7033-6444-66e7-e485ade01645, P0, 40, 8.76, [N/A], 1350, 8001, 51, 48, 570
### 2026-05-26T17:17:09+08:00 cpu_frequency
/sys/devices/system/cpu/cpu0/cpufreq/scaling_cur_freq:1077350
/sys/devices/system/cpu/cpu1/cpufreq/scaling_cur_freq:800000
/sys/devices/system/cpu/cpu10/cpufreq/scaling_cur_freq:800000
/sys/devices/system/cpu/cpu11/cpufreq/scaling_cur_freq:800000
/sys/devices/system/cpu/cpu12/cpufreq/scaling_cur_freq:2215036
/sys/devices/system/cpu/cpu13/cpufreq/scaling_cur_freq:800000
/sys/devices/system/cpu/cpu14/cpufreq/scaling_cur_freq:3612845
/sys/devices/system/cpu/cpu15/cpufreq/scaling_cur_freq:800000
/sys/devices/system/cpu/cpu16/cpufreq/scaling_cur_freq:800112
/sys/devices/system/cpu/cpu17/cpufreq/scaling_cur_freq:800000
/sys/devices/system/cpu/cpu18/cpufreq/scaling_cur_freq:800000
/sys/devices/system/cpu/cpu19/cpufreq/scaling_cur_freq:2856527
/sys/devices/system/cpu/cpu2/cpufreq/scaling_cur_freq:800000
/sys/devices/system/cpu/cpu20/cpufreq/scaling_cur_freq:800000
/sys/devices/system/cpu/cpu21/cpufreq/scaling_cur_freq:3899995
/sys/devices/system/cpu/cpu22/cpufreq/scaling_cur_freq:3496745
/sys/devices/system/cpu/cpu23/cpufreq/scaling_cur_freq:800000
/sys/devices/system/cpu/cpu24/cpufreq/scaling_cur_freq:800524
/sys/devices/system/cpu/cpu25/cpufreq/scaling_cur_freq:1441493
/sys/devices/system/cpu/cpu26/cpufreq/scaling_cur_freq:800626
/sys/devices/system/cpu/cpu27/cpufreq/scaling_cur_freq:800000
/sys/devices/system/cpu/cpu28/cpufreq/scaling_cur_freq:799862
/sys/devices/system/cpu/cpu29/cpufreq/scaling_cur_freq:3387216
/sys/devices/system/cpu/cpu3/cpufreq/scaling_cur_freq:800000
/sys/devices/system/cpu/cpu30/cpufreq/scaling_cur_freq:800000
/sys/devices/system/cpu/cpu31/cpufreq/scaling_cur_freq:800000
/sys/devices/system/cpu/cpu4/cpufreq/scaling_cur_freq:3204564
/sys/devices/system/cpu/cpu5/cpufreq/scaling_cur_freq:800000
/sys/devices/system/cpu/cpu6/cpufreq/scaling_cur_freq:1581110
/sys/devices/system/cpu/cpu7/cpufreq/scaling_cur_freq:800000
/sys/devices/system/cpu/cpu8/cpufreq/scaling_cur_freq:800408
/sys/devices/system/cpu/cpu9/cpufreq/scaling_cur_freq:800000
### 2026-05-26T17:17:14+08:00 sensors
iwlwifi_1-virtual-0
Adapter: Virtual device
temp1:        +40.0 C  

spd5118-i2c-5-52
Adapter: SMBus I801 adapter at 0000:00:1f.4
temp1:        +34.2 C  (low  =  +0.0 C, high = +55.0 C)
                       (crit low =  +0.0 C, crit = +85.0 C)

nvme-pci-0200
Adapter: PCI adapter
Composite:    +38.9 C  (low  = -273.1 C, high = +75.8 C)
                       (crit = +86.8 C)
Sensor 1:     +38.9 C  (low  = -273.1 C, high = +65261.8 C)
Sensor 2:     +37.9 C  (low  = -273.1 C, high = +65261.8 C)

coretemp-isa-0000
Adapter: ISA adapter
Package id 0:  +54.0 C  (high = +100.0 C, crit = +100.0 C)
Core 0:        +43.0 C  (high = +100.0 C, crit = +100.0 C)
Core 4:        +44.0 C  (high = +100.0 C, crit = +100.0 C)
Core 8:        +44.0 C  (high = +100.0 C, crit = +100.0 C)
Core 12:       +42.0 C  (high = +100.0 C, crit = +100.0 C)
Core 16:       +46.0 C  (high = +100.0 C, crit = +100.0 C)
Core 20:       +45.0 C  (high = +100.0 C, crit = +100.0 C)
Core 24:       +45.0 C  (high = +100.0 C, crit = +100.0 C)
Core 28:       +38.0 C  (high = +100.0 C, crit = +100.0 C)
Core 32:       +46.0 C  (high = +100.0 C, crit = +100.0 C)
Core 33:       +46.0 C  (high = +100.0 C, crit = +100.0 C)
Core 34:       +46.0 C  (high = +100.0 C, crit = +100.0 C)
Core 35:       +46.0 C  (high = +100.0 C, crit = +100.0 C)
Core 36:       +47.0 C  (high = +100.0 C, crit = +100.0 C)
Core 37:       +47.0 C  (high = +100.0 C, crit = +100.0 C)
Core 38:       +47.0 C  (high = +100.0 C, crit = +100.0 C)
Core 39:       +47.0 C  (high = +100.0 C, crit = +100.0 C)
Core 40:       +49.0 C  (high = +100.0 C, crit = +100.0 C)
Core 41:       +49.0 C  (high = +100.0 C, crit = +100.0 C)
Core 42:       +49.0 C  (high = +100.0 C, crit = +100.0 C)
Core 43:       +49.0 C  (high = +100.0 C, crit = +100.0 C)
Core 44:       +47.0 C  (high = +100.0 C, crit = +100.0 C)
Core 45:       +47.0 C  (high = +100.0 C, crit = +100.0 C)
Core 46:       +47.0 C  (high = +100.0 C, crit = +100.0 C)
Core 47:       +47.0 C  (high = +100.0 C, crit = +100.0 C)

spd5118-i2c-5-50
Adapter: SMBus I801 adapter at 0000:00:1f.4
temp1:        +35.2 C  (low  =  +0.0 C, high = +55.0 C)
                       (crit low =  +0.0 C, crit = +85.0 C)

BAT0-acpi-0
Adapter: ACPI interface
in0:          16.38 V  
power1:        0.00 W  

### 2026-05-26T17:17:14+08:00 nvidia
2026/05/26 17:17:14.422, NVIDIA GeForce RTX 4060 Laptop GPU, GPU-5011cbcd-7033-6444-66e7-e485ade01645, P0, 41, 12.50, [N/A], 1110, 8001, 36, 9, 570
### 2026-05-26T17:17:14+08:00 cpu_frequency
/sys/devices/system/cpu/cpu0/cpufreq/scaling_cur_freq:1004639
/sys/devices/system/cpu/cpu1/cpufreq/scaling_cur_freq:800000
/sys/devices/system/cpu/cpu10/cpufreq/scaling_cur_freq:1005694
/sys/devices/system/cpu/cpu11/cpufreq/scaling_cur_freq:800000
/sys/devices/system/cpu/cpu12/cpufreq/scaling_cur_freq:5200000
/sys/devices/system/cpu/cpu13/cpufreq/scaling_cur_freq:800000
/sys/devices/system/cpu/cpu14/cpufreq/scaling_cur_freq:1354323
/sys/devices/system/cpu/cpu15/cpufreq/scaling_cur_freq:800000
/sys/devices/system/cpu/cpu16/cpufreq/scaling_cur_freq:3453965
/sys/devices/system/cpu/cpu17/cpufreq/scaling_cur_freq:3893214
/sys/devices/system/cpu/cpu18/cpufreq/scaling_cur_freq:800812
/sys/devices/system/cpu/cpu19/cpufreq/scaling_cur_freq:3907272
/sys/devices/system/cpu/cpu2/cpufreq/scaling_cur_freq:2144815
/sys/devices/system/cpu/cpu20/cpufreq/scaling_cur_freq:795809
/sys/devices/system/cpu/cpu21/cpufreq/scaling_cur_freq:3845696
/sys/devices/system/cpu/cpu22/cpufreq/scaling_cur_freq:800000
/sys/devices/system/cpu/cpu23/cpufreq/scaling_cur_freq:3292681
/sys/devices/system/cpu/cpu24/cpufreq/scaling_cur_freq:800000
/sys/devices/system/cpu/cpu25/cpufreq/scaling_cur_freq:800000
/sys/devices/system/cpu/cpu26/cpufreq/scaling_cur_freq:800000
/sys/devices/system/cpu/cpu27/cpufreq/scaling_cur_freq:799740
/sys/devices/system/cpu/cpu28/cpufreq/scaling_cur_freq:800000
/sys/devices/system/cpu/cpu29/cpufreq/scaling_cur_freq:1290551
/sys/devices/system/cpu/cpu3/cpufreq/scaling_cur_freq:800000
/sys/devices/system/cpu/cpu30/cpufreq/scaling_cur_freq:3549786
/sys/devices/system/cpu/cpu31/cpufreq/scaling_cur_freq:800000
/sys/devices/system/cpu/cpu4/cpufreq/scaling_cur_freq:800000
/sys/devices/system/cpu/cpu5/cpufreq/scaling_cur_freq:800000
/sys/devices/system/cpu/cpu6/cpufreq/scaling_cur_freq:5200000
/sys/devices/system/cpu/cpu7/cpufreq/scaling_cur_freq:800000
/sys/devices/system/cpu/cpu8/cpufreq/scaling_cur_freq:5206793
/sys/devices/system/cpu/cpu9/cpufreq/scaling_cur_freq:800000
### 2026-05-26T17:17:19+08:00 sensors
iwlwifi_1-virtual-0
Adapter: Virtual device
temp1:        +39.0 C  

spd5118-i2c-5-52
Adapter: SMBus I801 adapter at 0000:00:1f.4
temp1:        +34.2 C  (low  =  +0.0 C, high = +55.0 C)
                       (crit low =  +0.0 C, crit = +85.0 C)

nvme-pci-0200
Adapter: PCI adapter
Composite:    +38.9 C  (low  = -273.1 C, high = +75.8 C)
                       (crit = +86.8 C)
Sensor 1:     +38.9 C  (low  = -273.1 C, high = +65261.8 C)
Sensor 2:     +37.9 C  (low  = -273.1 C, high = +65261.8 C)

coretemp-isa-0000
Adapter: ISA adapter
Package id 0:  +53.0 C  (high = +100.0 C, crit = +100.0 C)
Core 0:        +41.0 C  (high = +100.0 C, crit = +100.0 C)
Core 4:        +44.0 C  (high = +100.0 C, crit = +100.0 C)
Core 8:        +45.0 C  (high = +100.0 C, crit = +100.0 C)
Core 12:       +46.0 C  (high = +100.0 C, crit = +100.0 C)
Core 16:       +45.0 C  (high = +100.0 C, crit = +100.0 C)
Core 20:       +39.0 C  (high = +100.0 C, crit = +100.0 C)
Core 24:       +45.0 C  (high = +100.0 C, crit = +100.0 C)
Core 28:       +38.0 C  (high = +100.0 C, crit = +100.0 C)
Core 32:       +46.0 C  (high = +100.0 C, crit = +100.0 C)
Core 33:       +46.0 C  (high = +100.0 C, crit = +100.0 C)
Core 34:       +46.0 C  (high = +100.0 C, crit = +100.0 C)
Core 35:       +46.0 C  (high = +100.0 C, crit = +100.0 C)
Core 36:       +48.0 C  (high = +100.0 C, crit = +100.0 C)
Core 37:       +48.0 C  (high = +100.0 C, crit = +100.0 C)
Core 38:       +48.0 C  (high = +100.0 C, crit = +100.0 C)
Core 39:       +48.0 C  (high = +100.0 C, crit = +100.0 C)
Core 40:       +48.0 C  (high = +100.0 C, crit = +100.0 C)
Core 41:       +48.0 C  (high = +100.0 C, crit = +100.0 C)
Core 42:       +48.0 C  (high = +100.0 C, crit = +100.0 C)
Core 43:       +48.0 C  (high = +100.0 C, crit = +100.0 C)
Core 44:       +47.0 C  (high = +100.0 C, crit = +100.0 C)
Core 45:       +47.0 C  (high = +100.0 C, crit = +100.0 C)
Core 46:       +47.0 C  (high = +100.0 C, crit = +100.0 C)
Core 47:       +47.0 C  (high = +100.0 C, crit = +100.0 C)

spd5118-i2c-5-50
Adapter: SMBus I801 adapter at 0000:00:1f.4
temp1:        +35.5 C  (low  =  +0.0 C, high = +55.0 C)
                       (crit low =  +0.0 C, crit = +85.0 C)

BAT0-acpi-0
Adapter: ACPI interface
in0:          16.37 V  
power1:        0.00 W  

### 2026-05-26T17:17:19+08:00 nvidia
2026/05/26 17:17:19.557, NVIDIA GeForce RTX 4060 Laptop GPU, GPU-5011cbcd-7033-6444-66e7-e485ade01645, P4, 40, 9.02, [N/A], 960, 6001, 20, 4, 571
### 2026-05-26T17:17:19+08:00 cpu_frequency
/sys/devices/system/cpu/cpu0/cpufreq/scaling_cur_freq:1414827
/sys/devices/system/cpu/cpu1/cpufreq/scaling_cur_freq:800000
/sys/devices/system/cpu/cpu10/cpufreq/scaling_cur_freq:2136643
/sys/devices/system/cpu/cpu11/cpufreq/scaling_cur_freq:800000
/sys/devices/system/cpu/cpu12/cpufreq/scaling_cur_freq:800360
/sys/devices/system/cpu/cpu13/cpufreq/scaling_cur_freq:800000
/sys/devices/system/cpu/cpu14/cpufreq/scaling_cur_freq:800000
/sys/devices/system/cpu/cpu15/cpufreq/scaling_cur_freq:800000
/sys/devices/system/cpu/cpu16/cpufreq/scaling_cur_freq:2581570
/sys/devices/system/cpu/cpu17/cpufreq/scaling_cur_freq:1586785
/sys/devices/system/cpu/cpu18/cpufreq/scaling_cur_freq:800000
/sys/devices/system/cpu/cpu19/cpufreq/scaling_cur_freq:2227307
/sys/devices/system/cpu/cpu2/cpufreq/scaling_cur_freq:800000
/sys/devices/system/cpu/cpu20/cpufreq/scaling_cur_freq:1025086
/sys/devices/system/cpu/cpu21/cpufreq/scaling_cur_freq:1576436
/sys/devices/system/cpu/cpu22/cpufreq/scaling_cur_freq:800000
/sys/devices/system/cpu/cpu23/cpufreq/scaling_cur_freq:2547807
/sys/devices/system/cpu/cpu24/cpufreq/scaling_cur_freq:800000
/sys/devices/system/cpu/cpu25/cpufreq/scaling_cur_freq:2145924
/sys/devices/system/cpu/cpu26/cpufreq/scaling_cur_freq:3897484
/sys/devices/system/cpu/cpu27/cpufreq/scaling_cur_freq:3474280
/sys/devices/system/cpu/cpu28/cpufreq/scaling_cur_freq:799755
/sys/devices/system/cpu/cpu29/cpufreq/scaling_cur_freq:3899882
/sys/devices/system/cpu/cpu3/cpufreq/scaling_cur_freq:800000
/sys/devices/system/cpu/cpu30/cpufreq/scaling_cur_freq:3899689
/sys/devices/system/cpu/cpu31/cpufreq/scaling_cur_freq:800000
/sys/devices/system/cpu/cpu4/cpufreq/scaling_cur_freq:1370468
/sys/devices/system/cpu/cpu5/cpufreq/scaling_cur_freq:800000
/sys/devices/system/cpu/cpu6/cpufreq/scaling_cur_freq:3755209
/sys/devices/system/cpu/cpu7/cpufreq/scaling_cur_freq:800000
/sys/devices/system/cpu/cpu8/cpufreq/scaling_cur_freq:800224
/sys/devices/system/cpu/cpu9/cpufreq/scaling_cur_freq:800000
